
> react-example@0.0.0 build
> vite build && esbuild server.ts --bundle --platform=node --format=cjs --packages=external --sourcemap --outfile=dist/server.cjs && esbuild scripts/fast_perp_clock_daemon.ts --bundle --platform=node --format=cjs --packages=external --sourcemap --outfile=dist/fast_perp_clock_daemon.cjs && esbuild scripts/operator_summary_refresh.ts --bundle --platform=node --format=cjs --packages=external --sourcemap --outfile=dist/operator_summary_refresh.cjs

vite v6.4.3 building for production...
transforming...
✓ 3391 modules transformed.
rendering chunks...
computing gzip size...
dist/index.html                           0.39 kB │ gzip:   0.27 kB
dist/assets/index-DhKujvdD.css          100.29 kB │ gzip:  14.51 kB
dist/assets/webworkerAll-D7TAH51i.js      0.16 kB │ gzip:   0.13 kB
dist/assets/browserAll-BZ7AYJ9m.js        0.29 kB │ gzip:   0.21 kB
dist/assets/index-DMHGmfE_.js           859.79 kB │ gzip: 246.35 kB
dist/assets/index-bQzlvWYz.js         1,046.27 kB │ gzip: 294.15 kB
✓ built in 4.44s

(!) Some chunks are larger than 500 kB after minification. Consider:
- Using dynamic import() to code-split the application
- Use build.rollupOptions.output.manualChunks to improve chunking: https://rollupjs.org/configuration-options/#output-manualchunks
- Adjust chunk size limit for this warning via build.chunkSizeWarningLimit.

  dist/server.cjs      371.5kb
  dist/server.cjs.map  816.1kb

⚡ Done in 14ms

  dist/fast_perp_clock_daemon.cjs       80.8kb
  dist/fast_perp_clock_daemon.cjs.map  168.3kb

⚡ Done in 6ms

  dist/operator_summary_refresh.cjs      110.7kb
  dist/operator_summary_refresh.cjs.map  276.2kb

⚡ Done in 6ms
